// Jest Snapshot v1, https://goo.gl/fbAQLP

exports[`App component Should render header with add tasks input 1`] = `
<div>
  <div>
    <h1>
      TODO list
    </h1>
    <input
      aria-label="Add your task"
      placeholder="Add your task"
      role="input"
      type="text"
      value=""
    />
    <button
      role="add-task-button"
    >
      Done
    </button>
  </div>
  <div>
    <div
      class="sc-bczRLJ kqGEgo"
    >
      <button
        role="complete-button"
      >
        <svg
          class="icon icon-tabler icon-tabler-check undefined"
          fill="none"
          height="44"
          stroke="#2c3e50"
          stroke-linecap="round"
          stroke-linejoin="round"
          stroke-width="1.5"
          viewBox="0 0 24 24"
          width="44"
          xmlns="http://www.w3.org/2000/svg"
        >
          <path
            d="M0 0h24v24H0z"
            fill="none"
            stroke="none"
          />
          <path
            d="M5 12l5 5l10 -10"
          />
        </svg>
      </button>
      <p>
        some little task
      </p>
      <p />
      <button
        role="delete-button"
      >
        <svg
          class="icon icon-tabler icon-tabler-trash undefined"
          fill="none"
          height="44"
          stroke="#2c3e50"
          stroke-linecap="round"
          stroke-linejoin="round"
          stroke-width="1.5"
          viewBox="0 0 24 24"
          width="44"
          xmlns="http://www.w3.org/2000/svg"
        >
          <path
            d="M0 0h24v24H0z"
            fill="none"
            stroke="none"
          />
          <line
            x1="4"
            x2="20"
            y1="7"
            y2="7"
          />
          <line
            x1="10"
            x2="10"
            y1="11"
            y2="17"
          />
          <line
            x1="14"
            x2="14"
            y1="11"
            y2="17"
          />
          <path
            d="M5 7l1 12a2 2 0 0 0 2 2h8a2 2 0 0 0 2 -2l1 -12"
          />
          <path
            d="M9 7v-3a1 1 0 0 1 1 -1h4a1 1 0 0 1 1 1v3"
          />
        </svg>
      </button>
    </div>
    <div
      class="sc-bczRLJ kqGEgo"
    >
      <button
        role="complete-button"
      >
        <svg
          class="icon icon-tabler icon-tabler-check undefined"
          fill="none"
          height="44"
          stroke="#2c3e50"
          stroke-linecap="round"
          stroke-linejoin="round"
          stroke-width="1.5"
          viewBox="0 0 24 24"
          width="44"
          xmlns="http://www.w3.org/2000/svg"
        >
          <path
            d="M0 0h24v24H0z"
            fill="none"
            stroke="none"
          />
          <path
            d="M5 12l5 5l10 -10"
          />
        </svg>
      </button>
      <p>
        play football
      </p>
      <p>
        done
      </p>
      <button
        role="delete-button"
      >
        <svg
          class="icon icon-tabler icon-tabler-trash undefined"
          fill="none"
          height="44"
          stroke="#2c3e50"
          stroke-linecap="round"
          stroke-linejoin="round"
          stroke-width="1.5"
          viewBox="0 0 24 24"
          width="44"
          xmlns="http://www.w3.org/2000/svg"
        >
          <path
            d="M0 0h24v24H0z"
            fill="none"
            stroke="none"
          />
          <line
            x1="4"
            x2="20"
            y1="7"
            y2="7"
          />
          <line
            x1="10"
            x2="10"
            y1="11"
            y2="17"
          />
          <line
            x1="14"
            x2="14"
            y1="11"
            y2="17"
          />
          <path
            d="M5 7l1 12a2 2 0 0 0 2 2h8a2 2 0 0 0 2 -2l1 -12"
          />
          <path
            d="M9 7v-3a1 1 0 0 1 1 -1h4a1 1 0 0 1 1 1v3"
          />
        </svg>
      </button>
    </div>
    <div
      class="sc-bczRLJ kqGEgo"
    >
      <button
        role="complete-button"
      >
        <svg
          class="icon icon-tabler icon-tabler-check undefined"
          fill="none"
          height="44"
          stroke="#2c3e50"
          stroke-linecap="round"
          stroke-linejoin="round"
          stroke-width="1.5"
          viewBox="0 0 24 24"
          width="44"
          xmlns="http://www.w3.org/2000/svg"
        >
          <path
            d="M0 0h24v24H0z"
            fill="none"
            stroke="none"
          />
          <path
            d="M5 12l5 5l10 -10"
          />
        </svg>
      </button>
      <p>
        Learn Rust
      </p>
      <p />
      <button
        role="delete-button"
      >
        <svg
          class="icon icon-tabler icon-tabler-trash undefined"
          fill="none"
          height="44"
          stroke="#2c3e50"
          stroke-linecap="round"
          stroke-linejoin="round"
          stroke-width="1.5"
          viewBox="0 0 24 24"
          width="44"
          xmlns="http://www.w3.org/2000/svg"
        >
          <path
            d="M0 0h24v24H0z"
            fill="none"
            stroke="none"
          />
          <line
            x1="4"
            x2="20"
            y1="7"
            y2="7"
          />
          <line
            x1="10"
            x2="10"
            y1="11"
            y2="17"
          />
          <line
            x1="14"
            x2="14"
            y1="11"
            y2="17"
          />
          <path
            d="M5 7l1 12a2 2 0 0 0 2 2h8a2 2 0 0 0 2 -2l1 -12"
          />
          <path
            d="M9 7v-3a1 1 0 0 1 1 -1h4a1 1 0 0 1 1 1v3"
          />
        </svg>
      </button>
    </div>
  </div>
</div>
`;

exports[`App component Should render page with some tasks 1`] = `
<div>
  <div>
    <h1>
      TODO list
    </h1>
    <input
      aria-label="Add your task"
      placeholder="Add your task"
      role="input"
      type="text"
      value=""
    />
    <button
      role="add-task-button"
    >
      Done
    </button>
  </div>
  <div>
    <div
      class="sc-bczRLJ kqGEgo"
    >
      <button
        role="complete-button"
      >
        <svg
          class="icon icon-tabler icon-tabler-check undefined"
          fill="none"
          height="44"
          stroke="#2c3e50"
          stroke-linecap="round"
          stroke-linejoin="round"
          stroke-width="1.5"
          viewBox="0 0 24 24"
          width="44"
          xmlns="http://www.w3.org/2000/svg"
        >
          <path
            d="M0 0h24v24H0z"
            fill="none"
            stroke="none"
          />
          <path
            d="M5 12l5 5l10 -10"
          />
        </svg>
      </button>
      <p>
        some little task
      </p>
      <p />
      <button
        role="delete-button"
      >
        <svg
          class="icon icon-tabler icon-tabler-trash undefined"
          fill="none"
          height="44"
          stroke="#2c3e50"
          stroke-linecap="round"
          stroke-linejoin="round"
          stroke-width="1.5"
          viewBox="0 0 24 24"
          width="44"
          xmlns="http://www.w3.org/2000/svg"
        >
          <path
            d="M0 0h24v24H0z"
            fill="none"
            stroke="none"
          />
          <line
            x1="4"
            x2="20"
            y1="7"
            y2="7"
          />
          <line
            x1="10"
            x2="10"
            y1="11"
            y2="17"
          />
          <line
            x1="14"
            x2="14"
            y1="11"
            y2="17"
          />
          <path
            d="M5 7l1 12a2 2 0 0 0 2 2h8a2 2 0 0 0 2 -2l1 -12"
          />
          <path
            d="M9 7v-3a1 1 0 0 1 1 -1h4a1 1 0 0 1 1 1v3"
          />
        </svg>
      </button>
    </div>
    <div
      class="sc-bczRLJ kqGEgo"
    >
      <button
        role="complete-button"
      >
        <svg
          class="icon icon-tabler icon-tabler-check undefined"
          fill="none"
          height="44"
          stroke="#2c3e50"
          stroke-linecap="round"
          stroke-linejoin="round"
          stroke-width="1.5"
          viewBox="0 0 24 24"
          width="44"
          xmlns="http://www.w3.org/2000/svg"
        >
          <path
            d="M0 0h24v24H0z"
            fill="none"
            stroke="none"
          />
          <path
            d="M5 12l5 5l10 -10"
          />
        </svg>
      </button>
      <p>
        play football
      </p>
      <p>
        done
      </p>
      <button
        role="delete-button"
      >
        <svg
          class="icon icon-tabler icon-tabler-trash undefined"
          fill="none"
          height="44"
          stroke="#2c3e50"
          stroke-linecap="round"
          stroke-linejoin="round"
          stroke-width="1.5"
          viewBox="0 0 24 24"
          width="44"
          xmlns="http://www.w3.org/2000/svg"
        >
          <path
            d="M0 0h24v24H0z"
            fill="none"
            stroke="none"
          />
          <line
            x1="4"
            x2="20"
            y1="7"
            y2="7"
          />
          <line
            x1="10"
            x2="10"
            y1="11"
            y2="17"
          />
          <line
            x1="14"
            x2="14"
            y1="11"
            y2="17"
          />
          <path
            d="M5 7l1 12a2 2 0 0 0 2 2h8a2 2 0 0 0 2 -2l1 -12"
          />
          <path
            d="M9 7v-3a1 1 0 0 1 1 -1h4a1 1 0 0 1 1 1v3"
          />
        </svg>
      </button>
    </div>
    <div
      class="sc-bczRLJ kqGEgo"
    >
      <button
        role="complete-button"
      >
        <svg
          class="icon icon-tabler icon-tabler-check undefined"
          fill="none"
          height="44"
          stroke="#2c3e50"
          stroke-linecap="round"
          stroke-linejoin="round"
          stroke-width="1.5"
          viewBox="0 0 24 24"
          width="44"
          xmlns="http://www.w3.org/2000/svg"
        >
          <path
            d="M0 0h24v24H0z"
            fill="none"
            stroke="none"
          />
          <path
            d="M5 12l5 5l10 -10"
          />
        </svg>
      </button>
      <p>
        Learn Rust
      </p>
      <p />
      <button
        role="delete-button"
      >
        <svg
          class="icon icon-tabler icon-tabler-trash undefined"
          fill="none"
          height="44"
          stroke="#2c3e50"
          stroke-linecap="round"
          stroke-linejoin="round"
          stroke-width="1.5"
          viewBox="0 0 24 24"
          width="44"
          xmlns="http://www.w3.org/2000/svg"
        >
          <path
            d="M0 0h24v24H0z"
            fill="none"
            stroke="none"
          />
          <line
            x1="4"
            x2="20"
            y1="7"
            y2="7"
          />
          <line
            x1="10"
            x2="10"
            y1="11"
            y2="17"
          />
          <line
            x1="14"
            x2="14"
            y1="11"
            y2="17"
          />
          <path
            d="M5 7l1 12a2 2 0 0 0 2 2h8a2 2 0 0 0 2 -2l1 -12"
          />
          <path
            d="M9 7v-3a1 1 0 0 1 1 -1h4a1 1 0 0 1 1 1v3"
          />
        </svg>
      </button>
    </div>
  </div>
</div>
`;
